// Jest Snapshot v1, https://goo.gl/fbAQLP

exports[`renders correctly 1`] = `
<div>
  <h2>
    Welcome to Math-magician website!
  </h2>
  <p>
    Lorem ipsum dolor sit amet consectetur adipisicing elit. Dolor, aut ut debitis totam odit asperiores quae amet! Voluptatum iure, asperiores dolores perferendis consequatur iusto deserunt vero non qui.
  </p>
</div>
`;
